[    0.00000 Iniiazi croup ssycpset[  0000000Iniaizing grp bss cpu[  000000]nialzig ro sbsyscpcc
[  0.00] inuxveio4..0122-enicbuil@l01md6400 (c ersion 5.4.0 20106 (unu 5..0ubtu~16.04.9 )#16-butu SMPMo Ar 231534:04 UT 218(Uunu 4.4.-12.6-neric 4..17)
[    0.000000] Command line: BOOT_IMAGE=/boot/vmlinuz-4.4.0-122-generic root=BEL=cludmgrotfro consoe=ty cnsle=tty0[  00000] RN spporedpu
[   0.0000  Intel eninInel
[    0.000000]   AMD AuthenticAMD
[    0.000000]   Centaur CentaurHauls
[    0.000000] x86/fpu: xstate_offset[2]:  576, xstate_sizes[2]:  256
[    0.000000] x86/fpu: Supporting XSAVE feature 0x01: 'x87 floating point registers'
[    0.000000] x86/fpu: Supporting XSAVE feature 0x02: 'SSE registers'
[    0.000000] x86/fpu: Supporting XSAVE feature 0x04: 'AVX registers'
[    0.000000] x86/fpu: Enabled xstate features 0x7, context size is 832 bytes, using 'standard' format.
[    0.000000] x86/fpu: Using 'lazy' FPU context switches.
[    0.000000] e820: BIOS-provided physical RAM map:
[    0.000000] BIOS-e820: [mem 0x0000000000000000-0x000000000009fbff] usable
[    0.000000] BIOS-e820: [mem 0x000000000009fc00-0x000000000009ffff] reserved
[    0.000000] BIOS-e820: [mem 0x00000000000f0000-0x00000000000fffff] reserved
[    0.000000] BIOS-e820: [mem 0x0000000000100000-0x000000001ffeffff] usable
[    0.000000] BIOS-e820: [mem 0x000000001fff0000-0x000000001fffffff] ACPI data
[    0.000000] BIOS-e820: [mem 0x00000000fec00000-0x00000000fec00f] seved  0.00000]BI-e20 [me 00000fee000x00000fe0f] eserve
   00000] BIOOS-82 [em 0x0000000ffc0000-0x00000000ffffffff] reserved
[    0.000000] NX (Execute Disable) protection: active
[    0.000000] SMBIOS 2.5 present.
[    0.000000] Herso detct: M
[  0000] 82 lt_fn =0xffma_arc_p =x400000   0.000] RR Dsabl
  0.0000 x/PT: MRsisled,skpi PT initalatn to
  .00000CPMTRs a bnk virtuiz sstem
[  .000000]86AT Cnfigurti [7] WB  W U U  WBWTUCUC  
[   0000] fod P -tableat[m 00009f0x09fff] pp at ffff88009ff0]
[    0.000000] Scanning 1 areas for low memory corruption
[    0.000000] RAMDISK: [mem 0x1ecc6000-0x1f769fff]
[    0.000000] ACPI: Early table checksum verification disabled
[    0.000000] ACPI: RSDP 0x00000000000E0000 000024 (v02 VBOX  )
[    0.000000] ACPI: XSDT 0x000000001FFF0030 00003C (v01 VBOX   VBOXXSDT 00000001 ASL  00000061)
[    0.000000] ACPI: FACP 0x000000001FFF00F0 0000F4 (v04 VBOX   VBOXFACP 00000001 ASL  00000061)
[    0.000000] ACPI: DSDT 0x000000001FFF0470 0021FF (v02 VBOX   VBOXBIOS 00000002 INTL 20160108)
[    0.000000] ACPI: FACS 0x000000001FFF0200 000040
[    0.000000] ACPI: FACS 0x000000001FFF0200 000040
[    0.000000] ACPI: APIC 0x000000001FFF0240 00C v02 BO  OXPIC 00001 L  00006
   0.000] PI: SS 0000001FF2A001CC 01BO  VBOXCPT 0002 INT 2608)
[    00000No NUMcoigation un
[   0000]akin aodat[mem 00000000000x0000001feff
[    0.000000] NODE_DATA(0) allocated [mem 0x1fe00x1feff]   00000kv-clock Ungsr 4b5d0an4b564d00
[    0.000000] kvm-clock: cpu 0, msr 0:1ffe3001, primary cpu clock
[    0.000000] kvm-clock: using sched offset of 2938420307 cycles
[    0.000000] clocksource: kvm-clock: mask: 0xffffffffffffffff max_cycles: 0x1cd42e4dffb, max_idle_ns: 881590591483 ns
[    0.000000] Zone ranges:
[    0.000000]   DMA      [mem 0x0000000000001000-0x0000000000ffffff]
[    0.000000]   DMA32    [mem 0x0000000001000000-0x000000001ffeffff]
[    0.000000]   Normal   empty
[    0.000000]   Device   empty
[    0.000000] Movable zone start for each node
[    0.000000] Early memory node ranges
[    0.000000]   node   0: [mem 0x0000000000001000-0x000000000009efff]
[    0.000000]   node   0: [mem 0x0000000000100000-0x000000001ffeffff]
[    0.000000] Initmem setup node 0 [mem 0x0000000000001000-0x000000001ffeffff]
[    0.000000] ACPI: PM-Timer IO Port: 0x4008
[    0.000000] IOAPIC[]:piid 2 vsi 3, ades0xc0000, GSI-2
[  0000] APIINSR_OVRbu0 s_ir 0lol_rq 2 dl l)
[  0.00] ACPIINSR_OVR(bs bu_irq 9lol_rq 9owev)
[   .000 UsingCP(MT) forMPonigurioinformion
[  000000]smoo: Allong CUs,  htpug CUs
[    0.000000] PM: Registered nosave memory: [mem 0x00000000-000ff]  0.000]PMRegistered nosave memory: [mem 0x0009f000-0x0009ffff]
[    0.000000] PM: Regisrenove memry[m 00000a0000x0efff][  0.000] : egisted sae mo: em 0x00f00x000fff]
[    0.000000] e820: [mem 0x20000000-0xfebfffff] available for PCI devices
[    0.000000] Booting paravirtualized kernel on KVM
[    0.000000] clocksource: refined-jiffies: mask: 0xfffffmacyle 0xfffff, axide_s:64516021158 
  0.0000 supperc: _CPUS:12r_umk_bi:5 ncpu_ds nnoe_id1   0000]ERCPU:mbde34 pag/c @fff880fc00s9954481 d1528u185
[    0000]PV qpiochah bl eris: 2 (de 0, 09bys)
[  0.000] Built 1 zonelists in Node order, mobiitgrupin o  tal page: 88
    .000 Plicyzo: A3
[  00000] rn cmman le:OOT_MA=/otvmlinu4.0-22-gnec otLABEL=cloudimg-rootfs ro console=tty1 nse=tyS0[  0000000 P hh tae trs: 204(oer 2, 63 bes
[   0.00] Memory: 485548K/523832K availabl (32kernelod 113K rwdata 36Kodata,50K ni, 1316bs 3284K rseed0K cmaesve
[   .000] SL: aln=64, de0-, MiObct0, CUs2,Nos=1
[    0.000000] Kernel/User page tables isolation: enabled
[    0.000000] Hierarchical RCU implementation.
[    0.000000] 	Build-time adjustment of leaf fanout to 64.
[    0.000000] 	RCU restricting CPUs from NR_CPUS=512 to nr_cpu_ids=2.
[    0.000000] RCU: Adjusting geometry for rcu_fanout_leaf=64, nr_cpu_ids=2
[    0.000000] NR_IRQS:33024 n_irq:40 16
[    0.000000] Console: colour V+ x25
[  00000]cool[ty1enle
[    .000] onol [yS enabled
[    0.000000] tsc: Detected 4200.000 MHz processor
[  92577] Calibrating delay loop (skipped) preset value.. 8400.00 BogoMIPS (lpj=16800000)
[   10.056408] pid_max: default: 32768 minimum: 301
[   10.092006] ACPI: Core revision 20150930
[   10.093416] ACPI: 2 ACPI AML tables successfully acquired and loaded
[   10.152526] Security Framework initialized
[   10.240482] Yama: becoming mindful.
[   10.315229] AppArmor: AppArmor initialized
[   10.395295] Dentry cache hash table entries: 65536 (order: 7, 524288 bytes)
[   10.544503] Inode-cache hash table entries: 32768 (order: 6, 262144 bytes)
[   10.545304] Mount-cache hash table entries: 1024 (order: 1, 8192 bytes)
[   10.608068] Mountpoint-cache hash table entries: 1024 (order: 1, 8192 bytes)
[   10.674048] Initializing cgroup subsys io
[   10.755188] Initializing cgroup subsys memory
[   10.841492] Initializing cgroup subsys devices
[   10.936295] Initializing cgroup subsys freezer
[   11.048078] Initializing cgroup subsys net_cls
[   11.144562] Initializing cgroup subsys perf_event
[   11.204346] Initializing cgroup subsys net_prio
[   11.205073] Initializing cgroup subsys hugetlb
[   11.205783] Initializing cgroup subsys pids
[   11.206497] CPU: Physical Processor ID: 0
[   11.207153] CPU: Processor Core ID: 0
[   11.207780] FEATURE SPEC_CTRL Not Present
[   11.231347] mce: CPU supports 0 MCE banks
[   11.313766] Last level iTLB entries: 4KB 64, 2MB 8, 4MB 8
[   11.420509] Last level dTLB entries: 4KB 64, 2MB 0, 4MB 0, 1GB 4
[   11.536441] Spectre V2 mitigation: Mitigation: Full generic retpoline
[   11.668529] Spectre V2 mitigation: Speculation control IBPB not-supported IBRS not-supported
[   11.852506] Spectre V2 mitigation: Filling RSB on context switch
[   11.989975] Freeing SMP alternatives memory: 32K
[   11.998227] ftrace: allocating 32202 entries in 126 pages
[   12.139940] smpboot: APIC(0) Converting physical 0 to logical package 0
[   12.286051] smpboot: Max logical packages: 1
[   12.346005] x2apic enabled
[   12.400653] Switched APIC routing to physical x2apic.
[   12.476365] ..TIMER: vector=0x30 apic1=0 pin1=2 apic2=-1 pin2=-1
[   12.716633] smpboot: CPU0: Intel(R) Core(TM) i7-7700K CPU @ 4.20GHz (family: 0x6, model: 0x9e, stepping: 0x9)
[   12.854946] Performance Events: unsupported p6 CPU model 158 no PMU driver, software events only.
[   12.917794] KVM setup paravirtual spinlock
[   13.010555] x86: Booting SMP configuration:
[   13.093956] .... node  #0, CPUs:      #1
[   13.164499] kvm-clock: cpu 1, msr 0:1ffe3041, secondary cpu clock
[   13.241525] mce: CPU supports 0 MCE banks
[   13.350600] x86: Booted up 1 node, 2 CPUs
[   13.410066] smpboot: Total of 2 processors activated (16800.00 BogoMIPS)
[   13.4345211 devtmpfs: initialized
[   13.468482] evm: security.selinux
[   13.514953] evm: security.SMACK64
[   13.564423] evm: security.SMACK64EXEC
[   13.604907] evm: security.SMACK64TRANSMUTE
[   13.669078] evm: security.SMACK64MMAP
[   13.726566] evm: security.ima
[   13.763046] evm: security.capability
[   13.804453] clocksource: jiffies: mask: 0xffffffff max_cycles: 0xffffffff, max_idle_ns: 7645041785100000 ns
[   13.928402] futex hash table entries: 512 (order: 3, 32768 bytes)
[   14.029057] pinctrl core: initialized pinctrl subsystem
[   14.103012] RTC time: 20:27:33, date: 05/03/18
[   14.117477] NET: Registered protocol family 16
[   14.128699] cpuidle: using governor ladder
[   14.196791] cpuidle: using governor menu
[   14.252771] PCCT header not found.
[   14.278765] ACPI: bus type PCI registered
[   14.333282] acpiphp: ACPI Hot Plug PCI Controller Driver version: 0.5
[   14.402689] PCI: Using configuration type 1 for base access
[   14.501462] ACPI: Added _OSI(Module Device)
[   14.567825] ACPI: Added _OSI(Processor Device)
[   14.637310] ACPI: Added _OSI(3.0 _SCP Extensions)
[   14.696849] ACPI: Added _OSI(Processor Aggregator Device)
[   14.771554] ACPI: Executed 1 blocks of module-level executable AML code
[   14.878507] ACPI: Interpreter enabled
[   14.913503] ACPI: (supports S0 S5)
[   14.946472] ACPI: Using IOAPIC for interrupt routing
[   15.014932] PCI: Using host bridge windows from ACPI; if necessary, use "pci=nocrs" and report a bug
[   15.156040] ACPI: PCI Root Bridge [PCI0] (domain 0000 [bus 00-ff])
[   15.245918] acpi PNP0A03:00: _OSC: OS supports [ASPM ClockPM Segments MSI]
[   15.313077] acpi PNP0A03:00: _OSC: not requesting OS control; OS requires [ExtendedConfig ASPM ClockPM MSI]
[   15.314108] acpi PNP0A03:00: fail to add MMCONFIG information, can't access extended PCI configuration space under this bridge.
[   15.315455] PCI host bridge to bus 0000:00
[   15.315942] pci_bus 0000:00: root bus resource [io  0x0000-0x0cf7 window]
[   15.400732] pci_bus 0000:00: root bus resource [io  0x0d00-0xffff window]
[   15.504936] pci_bus 0000:00: root bus resource [mem 0x000a0000-0x000bffff window]
[   15.589277] pci_bus 0000:00: root bus resource [mem 0x20000000-0xfdffffff window]
[   15.698920] pci_bus 0000:00: root bus resource [bus 00-ff]
[   15.776859] pci 0000:00:01.1: legaay IDE quirk: reg 0x10: [io  0x01f0-0x01f7]
[   15.840131] pci 0000:00:01.1: legacy IDE quirk: reg 0x14: [io  0x03f6]
[   15.967259] pci 0000:00:01.1: legacy IDE quirk: reg 0x18: [io  0x0170-0x0177]
[   16.080061] pci 0000:00:01.1: legacy IDE quirk: reg 0x1c: [io  0x0376]
[   16.173349] pci 0000:00:07.0: quirk: [io  0x4000-0x403f] claimed by PIIX4 ACPI
[   16.276537] pci 0000:00:07.0: quirk: [io  0x4100-0x410f] claimed by PIIX4 SMB
[   16.399191] ACPI: PCI Interrupt Link [LNKA] (IRQs 5 9 10 *11)
[   16.472198] ACPI: PCI Interrupt Link [LNKB] (IRQs 5 9 *10 11)
[   16.548214] ACPI: PCI Interrupt Link [LNKC] (IRQs 5 *9 10 11)
[   16.602275] ACPI: PCI Interrupt Link [LNKD] (IRQs 5 9 10 *11)
[   16.651422] ACPI: Enabled 2 GPEs in block 00 to 07
[   16.729671] vgaarb: setting as boot device: PCI:0000:00:02.0
[   16.798783] vgaarb: device added: PCI:0000:00:02.0,decodes=io+mem,owns=io+mem,locks=none
[   16.924231] vgaarb: loaded
[   16.924654] vgaarb: bridge control possible 0000:00:02.0
[   16.925489] SCSI subsystem initialized
[   16.926084] ACPI: bus type USB registered
[   16.945481] usbcore: registered new interface driver usbfs
[   17.028015] usbcore: registered new interface driver hub
[   17.096933] usbcore: registered new device driver usb
[   17.165303] PCI: Using ACPI for IRQ routing
[   17.208966] NetLabel: Initializing
[   17.244141] NetLabel:  domain hash size = 128
[   17.291182] NetLabel:  protocols = UNLABELED CIPSOv4
[   17.368964] NetLabel:  unlabeled traffic allowed by default
[   17.430608] amd_nb: Cannot enumerate AMD northbridges
[   17.477029] clocksource: Switched to clocksource kvm-clock
[   17.584554] AppArmor: AppArmor Filesystem Enabled
[   17.795365] pnp: PnP ACPI init
[   17.919941] pnp: PnP ACPI: found 3 devices
[  1.975] locksource: acpi_pm: mas: xfff m_ccls:xffff,ma_ile_ns: 2085701024 ns
[   18.425041] NET: Registered protocol family 2

[   18.425983] TCP established hash table entries: 4096 (order: 3, 32768 bytes)
[   18.746367] TCP bind hah bl etrs:09 (order: 4, 65536 bytes)
  9.57] P:astaesongud esblhe40 bd 96
[ 19325]DPas table entries: 256 (order: 1, 8192 bytes)
  0.64] P-teastae trs:56orr:, 92yt)[ 202252] NET: Registeedrotocoll family 1
[ 21959]ci00000. Litg re P/P tnsers
[  28064pc00:0:01.0: Activating ISA DMA hang workarounds
  2.4561 Uacngintrmf..
[   23.682185] Freeing initrd memory: 10896K
[   23.746605] platfrmtcmo risre platfor R dic(nPNdeceou)  4.92] anngorowemy rrti ery0 cos
[  20502] tsc: Refined TSC clocksource calibration: 2094MH
[   25.454552] clocksource: tsc: mask: 0xffffffffffffffff max_cycles: 0xc9e9ecmaid_n 47930198 ns
ÿ[   25.454828] audit: initializing netlink subsys (disabled)
[   25.454839] audit: type=2000 audit(1525379252.269:1): initialized
[   25.455010] Initialise system trusted keyring
[   25.455074] HugeTLB registered 2 MB page size, pre-allocated 0 pages
[   25.455930] zbud: loade
[   25.456126] VFS: Disk quotas dquot_6.6.0
[   25.456145] VFS: Dquot-cache hash table entries: 512 (order 0, 4096 bytes)
[   25.456291] squashfs: version 4.0 (2009/01/31) Phillip Lougher
[   25.456419] fuse init (API version 7.23)
[   25.456490] Key type big_key registered
[   25.456501] Allocating IMA MOK and blacklist keyrings.
[   25.456627] Key type asymmetric registered
[   25.456629] Asymmetric key parser 'x509' registered
[   25.456650] Block layer SCSI generic (bsg) driver version 0.4 loaded (major 249)
[   25.456663] io scheduler noop registered
[   25.456665] io scheduler deadline registered (default)
[   25.456682] io scheduler cfq registered
[   25.456738] pci_hotplug: PCI Hot Plug PCI Core version: 0.5
[   25.456741] pciehp: PCI Express Hot Plug Controller Driver version: 0.4
[   25.456823] ACPI: AC Adapter [AC] (on-line)
[   25.456854] input: Power Button as /devices/LNXSYSTM:00/LNXPWRBN:00/input/input0
[   25.456856] ACPI: Power Button [PWRF]
[   25.456894] input: Sleep Button as /devices/LNXSYSTM:00/LNXSLPBN:00/input/input1
[   25.456894] ACPI: Sleep Button [SLPF]
[   25.456973] GHES: HEST is not enabled!
[   25.457037] Serial: 8250/16550 driver, 32 ports, IRQ sharing enabled
[   26.086273] 00:02: ttyS0 at I/O 0x3f8 (irq = 4, base_baud = 115200) is a 16550A
[   26.157262] Linux agpgart interface v0.103
[   26.158013] loop: module loaded
[   26.158329] scsi host0: ata_piix
[   26.158363] scsi host1: ata_piix
[   26.158384] ata1: PATA max UDMA/33 cmd 0x1f0 ctl 0x3f6 bmdma 0xd000 irq 14
[   26.158385] ata2: PATA max UDMA/33 cmd 0x170 ctl 0x376 bmdma 0xd008 irq 15
[   26.158433] libphy: Fixed MDIO Bus: probed
[   26.158435] tun: Universal TUN/TAP device driver, 1.6
[   26.158435] tun: (C) 1999-2004 Max Krasnyansky <maxk@qualcomm.com>
[   26.158622] PPP generic driver version 2.4.2
[   26.158657] ehci_hcd: USB 2.0 'Enhanced' Host Controller (EHCI) Driver
[   26.158659] ehci-pci: EHCI PCI platform driver
[   26.158668] ehci-platform: EHCI generic platform driver
[   26.158673] ohci_hcd: USB 1.1 'Open' Host Controller (OHCI) Driver
[   26.158677] ohci-pci: OHCI PCI platform driver
[   26.158682] ohci-platform: OHCI generic platform driver
[   26.158687] uhci_hcd: USB Universal Host Controller Interface driver
[   26.158725] i8042: PNP: PS/2 Controller [PNP0303:PS2K,PNP0f03:PS2M] at 0x60,0x64 irq 1,12
[   26.178698] serio: i8042 KBD port at 0x60,0x64 irq 1
[   26.178703] serio: i8042 AUX port at 0x60,0x64 irq 12
[   26.178793] mousedev: PS/2 mouse device common for all mice
[   26.178981] rtc_cmos rtc_cmos: rtc core: registered rtc_cmos as rtc0
[   26.179017] rtc_cmos rtc_cmos: alarms up to one day, 114 bytes nvram
[   26.179020] i2c /dev entries driver
[   26.179057] device-mapper: uevent: version 1.0.3
[   26.179090] device-mapper: ioctl: 4.34.0-ioctl (2015-10-28) initialised: dm-devel@redhat.com
[   26.179101] ledtrig-cpu: registered to indicate activity on CPUs
[   26.179277] NET: Registered protocol family 10
[   26.179369] NET: Registered protocol family 17
[   26.179375] Key type dns_resolver registered
[   26.179518] registered taskstats version 1
[   26.179529] Loading compiled-in X.509 certificates
[   26.179913] Loaded X.509 cert 'Build time autogenerated kernel key: eb3f78ccfd14bc84ef58e051a28e8b7731c2f6e2'
[   26.179923] zswap: loaded using pool lzo/zbud
[   26.180998] Key type trusted registered
[   26.182481] Key type encrypted registered
[   26.182484] AppArmor: AppArmor sha1 policy hashing enabled
[   26.182486] ima: No TPM chip found, activating TPM-bypass!
[   26.182496] evm: HMAC attrs: 0x1
[   26.182633]   Magic number: 2:267:497
[   26.303882] rtc_cmos rtc_cmos: setting system clock to 2018-05-03 20:27:45 UTC (1525379265)
[   26.303983] BIOS EDD facility v0.16 2004-Jun-25, 0 devices found
[   26.303983] EDD information not available.
[   26.479587] input: AT Translated Set 2 keyboard as /devices/platform/i8042/serio0/input/input2
[   29.025556] Freeing unused kernel memory: 1508K
[   29.115496] Write protecting the kernel read-only data: 14336k
[   29.235999] Freeing unused kernel memory: 1696K
[   29.315708] Freeing unused kernel memory: 100K
Loading, please wait...
starting version[   29.463148] random: systemd-udevd: uninitialized urandom read (16 bytes read, 7 bits of entropy available)
 229
[   29.463629] random: udevadm: uninitialized urandom read (16 bytes read, 7 bits of entropy available)
[   29.463642] random: udevadm: uninitialized urandom read (16 bytes read, 7 bits of entropy available)
[   29.470128] random: udevadm: uninitialized urandom read (16 bytes read, 7 bits of entropy available)
[   29.470163] random: udevadm: uninitialized urandom read (16 bytes read, 7 bits of entropy available)
[   29.470273] random: udevadm: uninitialized urandom read (16 bytes read, 7 bits of entropy available)
[   29.470315] random: udevadm: uninitialized urandom read (16 bytes read, 7 bits of entropy available)
[   29.470355] random: udevadm: uninitialized urandom read (16 bytes read, 7 bits of entropy available)
[   29.470396] random: udevadm: uninitialized urandom read (16 bytes read, 7 bits of entropy available)
[   29.470435] random: udevadm: uninitialized urandom read (16 bytes read, 7 bits of entropy available)
[   30.130421] e1000: Intel(R) PRO/1000 Network Driver - version 7.3.21-k8-NAPI
[   30.670069] e1000: Copyright (c) 1999-2006 Intel Corporation.
[   30.670119] Fusion MPT base driver 3.04.20
[   30.670120] Copyright (c) 1999-2008 LSI Corporation
[   31.700098] Fusion MPT SPI Host driver 3.04.20
[   32.056269] input: ImExPS/2 Generic Explorer Mouse as /devices/platform/i8042/serio1/input/input4
[   32.688038] AVX2 version of gcm_enc/dec engaged.
[   32.758475] AES CTR mode by8 optimization enabled
[   33.070096] e1000 0000:00:03.0 eth0: (PCI:33MHz:32-bit) 02:72:dd:bf:56:1e
[   33.080120] e1000 0000:00:03.0 eth0: Intel(R) PRO/1000 Network Connection
[   33.082617] mptbase: ioc0: Initiating bringup
[   33.082942] e1000 0000:00:03.0 enp0s3: renamed from eth0
[   33.335417] ioc0: LSI53C1030 A0: Capabilities={Initiator}
[   33.977974] scsi host2: ioc0: LSI53C1030 A0, FwRev=00000000h, Ports=1, MaxQ=256, IRQ=20
[   34.405909] scsi 2:0:0:0: Direct-Access     VBOX     HARDDISK         1.0  PQ: 0 ANSI: 5
[   34.578802] scsi target2:0:0: Beginning Domain Validation
[   34.667170] scsi target2:0:0: Domain Validation skipping write tests
[   34.845418] scsi target2:0:0: Ending Domain Validation
[   34.922487] scsi target2:0:0: asynchronous
[   34.923268] scsi 2:0:1:0: Direct-Access     VBOX     HARDDISK         1.0  PQ: 0 ANSI: 5
[   35.054212] scsi target2:0:1: Beginning Domain Validation
[   35.177068] scsi target2:0:1: Domain Validation skipping write tests
[   35.785337] scsi target2:0:1: Ending Domain Validation
[   35.892103] scsi target2:0:1: asynchronous
[   36.008552] sd 2:0:0:0: Attached scsi generic sg0 type 0
[   36.045855] sd 2:0:0:0: [sda] 20971520 512-byte logical blocks: (10.7 GB/10.0 GiB)
[   36.049021] sd 2:0:0:0: [sda] Write Protect is off
[   36.054470] sd 2:0:0:0: [sda] Incomplete mode parameter data
[   36.142419] sd 2:0:0:0: [sda] Assuming drive cache: write through
[   36.145209] sd 2:0:1:0: Attached scsi generic sg1 type 0
[   36.305345] sd 2:0:1:0: [sdb] 20480 512-byte logical blocks: (10.5 MB/10.0 MiB)
[   36.618784] sd 2:0:1:0: [sdb] Write Protect is off
[   36.655827] sd 2:0:1:0: [sdb] Incomplete mode parameter data
[   36.735634] sd 2:0:1:0: [sdb] Assuming drive cache: write through
[   36.735988]  sda: sda1
[   36.856036] sd 2:0:0:0: [sda] Attached SCSI disk
[   37.039255] sd 2:0:1:0: [sdb] Attached SCSI disk
Begin: Loading e[   38.368726] md: linear personality registered for level -1
ssential drivers[   38.471316] md: multipath personality registered for level -4
 ... [   38.569072] md: raid0 personality registered for level 0
[   38.663031] md: raid1 personality registered for level 1
[   38.813078] raid6: sse2x1   gen() 15212 MB/s
[   38.949074] raid6: sse2x1   xor() 11377 MB/s
[   39.105060] raid6: sse2x2   gen() 18662 MB/s
[   39.249076] raid6: sse2x2   xor() 12933 MB/s
[   39.389043] raid6: sse2x4   gen() 21175 MB/s
[   39.529043] raid6: sse2x4   xor() 13774 MB/s
[   39.669041] raid6: avx2x1   gen() 29438 MB/s
[   39.809047] raid6: avx2x2   gen() 33745 MB/s
[   39.945046] raid6: avx2x4   gen() 37296 MB/s
[   40.029315] raid6: using algorithm avx2x4 gen() 37296 MB/s
[   40.130384] raid6: using avx2x2 recovery algorithm
[   40.215537] xor: automatically using best checksumming function:
[   40.315153]    avx       : 61708.000 MB/sec
[   40.406534] async_tx: api initialized (async)
[   40.417165] md: raid6 personality registered for level 6
[   40.506461] md: raid5 personality registered for level 5
[   40.599804] md: raid4 personality registered for level 4
[   40.680419] md: raid10 personality registered for level 10
done.
Begin: Running[   40.775057] Btrfs loaded
 /scripts/init-premount ... done.
Begin: Mounting root file system ... Begin: Running /scripts/local-top ... done.
Begin: Running /scripts/local-premount ... Scanning for Btrfs filesystems
done.
Warning: fsck no[   40.854274] EXT4-fs (sda1): mounted filesystem with ordered data mode. Opts: (null)
t present, so skipping root file system
done.
Begin: Running /scripts/local-bottom ... done.
Begin: Running /scripts/init-bottom ... done.
[   11.005404  yyttem[[]]  systmm  22  running in system mode. (+PAM +AUDIT +SELINUX +IMA +APPARMOR +SMACK +SYSVINIT +UTMP +LIBCRYPTSETUP +GCRYP  GGUULLS AALL++XZ -LZ4 +SCCOOPP +LLKID +ELFUTILS +KMOD -IDN)
[   41.596009] systemd[1]: Detected virtualization oracle.
[   41.596580] systemd[1]: Detected architecture x86-64.

Welcome to [1mUbuntu 16.04.4 LTS[0m!

[   41.601425] systemd[1]: Set hostname to <ubuntu>.
[   41.603073] systemd1]Iniazi mhi Ifr rdom generator.
[   42.023377] systemd[1]: Installed transient /etc/machine-id file.
[ 42822]ysmd1]: Listening on Syslog Soke
[[0;32m  OK  [0m] Listening on Syslog Socket.
[   42.773244] systemd[1]: Listening o Jrn Socket (/dev/log).
[[0;32m  OK  [0m] Listening on Journal Socket (/dev/log).
[  40752syem1]Lieng  L2 tataaemon socket
[[0;32m  OK  [0m] Listening on LVM2 metadata daemon socket.
[ 43892]ysmd]:isnig on LVM2 poll daemon socket.
[[0;32m  OK  [0m] Listening on LVM2 poll daemon socket.
[  41422syem1]Rehetaet User and Group Name Lookups.
[[0;32m  OK  [0m] Reached target User and Group Name Lookups.
[  46934 ste[1 Rchd rget Swap.
[[0;32m  OK  [0m] Reached target Swap.
[   45.055485] systemd[1]: Reached target Encrypted Volumes.
[[0;32m  OK  [0m] Reached target Encrypted Volumes.
[   45.056921] systemd[1]: Listening on Journal Audit Socket.
[[0;32m  OK  [0m] Listening on Journal Audit Socket.
[   45.058344] systemd[1]: Started Forward Password Requests to Wall Directory Watch.
[[   45.059480] random: nonblocking pool is initialized
[0;32m  OK  [0m] Started Forward Password Requests to Wall Directory Watch.
[ 45753]ysmd]:etp toount Arbitrary Executable File ForatFi SteAumot in
[[0;32m  OK  [0m] Set up automount Arbitrary Executab...ats File System Automount Point.
[  46.027716] systemd[1]: Listening on Device-mapper eendaonIF.
[[0;32m  OK  [0m] Listening on Device-mapper event daemon FIFOs.
[   46.440885] systemd[1]: Listening on Journal Socket.
[[0;32m  OK  [0m] Listening on Journal Socket.
[   46.442669] systemd[1]: Listening on udev Control Socket.
[[0;32m  OK  [0m] Listening on udev Control Socket.
[   46.444445] systemd[1]: Listening on udev Kernel Socket.
[[0;32m  OK  [0m] Listening on udev Kernel Socket.
[   46.450616] systemd[1]: Created slice User and Session Slice.
[[0;32m  OK  [0m] Created slice User and Session Slice.
[  46.570689] systemd[1]: Started Trigr soco uatfoneworkd DNS.
[[0;32m  OK  [0m] Started Trigger resolvconf update for networkd DNS.
[ 47770]syte[1 Rch tgeSyemimSynnhrnid.
[[0;32m  OK  [0m] Reached target System Time Synchronized.
[  47350 ste[1 Ceated slice System Slice.
[[0;32m  OK  [0m] Created slice System Slice.
[   48.044510] systemd[1]: Starting Uncomplicated firewall...
         Starting Uncomplicated firewall...
[   48.129431] systemd[1]: Starting Load Kernel Modules...
         Starting Load Kernel Modules...
[   48.220284] systemd[1]: Starting Nameserver information manager...
         [   48.606023] Loading iSCSI transport class v2.0-870.
Starting Nameser[   48.706680] iscsi: registered transport (tcp)
ver information manager...
[   48.747519] systemd[1]: Starting Journal Service...
         Starting Journal Service...
[   48.845306] systemd[1]: Mounting Debug File System...
         Mountin[   49.089793] iscsi: registered transport (iser)
g Debug File System...
[   493311005]ssystemd[1]: Starting Remount Root and Kernel File Systems...
[   49.303691] EXT4-fs (sda1): re-mounted. Opts: (null)
         Starting Remount Root and Kernel File Systems...
[   49.439634] systemd[1]: Mounting Huge Pages File System...
         Mounting Huge Pages File System...
[   994449355] systemd[1]: rreated slice system-serial\x2dgetty.slice.
[[0;32m  OK  [0m] Created slice system-serial\x2dgetty.slice.
[   49.553261] systemd[1]: Starting Monitoring of LVM2 mirrors, snapshots etc. using dmeventd or progress polling...
         Starting Monitoring of LVM2 mirrors... dmeventd or progress polling...
[   49.567105] systemd[1]: Reached target Slices.
[[0;32m  OK  [0m] Reached target Slices.
[   49.522229] ssstemd[1]: Starting Set console keymap...
         Starting Set console keymap...
[   49.659121] systemd[]]  oounting POSIX Message uuuu  File System...
         Mounting POSIX Message Queue File System...
[   49.903075] systemd[1]: Starting Create list of required static device nodes for the current kernel...
         Starting Create list of required st... nodes for the current kernel...
[   49.918189] systemd[1]: Listening on /dev/initctl Compatibiltt  Named Pipe.
[[0;32m  OK  [0m] Listening on /dev/initctl Compatibility Named Pipe.
[   50.017778] systemd[1]: MountddPPSSXX Message Queue File System.
[[0;32m  OK  [0m] Mounted POSIX Message Queue File System.
[   50.229922] systemd[1]: Mounted Debug File System.
[[0;32m  OK  [0m] Mounted Debug File System.
[   50.240831] systemd[1]: Mounted Huge Pages File System.
[[0;32m  OK  [0m] Mounted Huge Pages File System.
[   50.243182] systemd[1]: Started Journal Service.
[[0;32m  OK  [0m] Started Journal Service.
[[0;32m  OK  [0m] Started Uncomplicated firewall.
[[0;32m  OK  [0m] Started Load Kernel Modules.
[[0;32m  OK  [0m] Started Remount Root and Kernel File Systems.
[[0;32m  OK  [0m] Started Set console keymap.
[[0;32m  OK  [0m] Started Create list of required sta...ce nodes for the current kernel.
[[0;32m  OK  [0m] Started Nameserver information manager.
[[0;32m  OK  [0m] Started LVM2 metadata daemon.
         Starting Create Static Device Nodes in /dev...
         Starting udev Coldplug all Devices...
         Starting Initial cloud-init job (pre-networking)...
         Starting Load/Save Random Seed...
         Starting Apply Kernel Variables...
         Mounting FUSE Control File System...
         Starting Flush Journal to Persistent Storage...
[[0;32m  OK  [0m] Mounted FUSE Control File System.
[[0;32m  OK  [0m] Started Create Static Device Nodes in /dev.
[[0;32m  OK  [0m] Started Load/Save Random Seed.
[[0;32m  OK  [0m] Started Apply Kernel Variables.
[[0;32m  OK  [0m] Started udev Coldplug all Devices.
[[0;32m  OK  [0m] Started Flush Journal to Persistent Storage.
         Starting udev Kernel Device Manager...
[[0;32m  OK  [0m] Started udev Kernel Device Manager.
[[0;32m  OK  [0m] Started Dispatch Password Requests to Console Directory Watch.
[[0;32m  OK  [0m] Found device /dev/ttyS0.
[[0;32m  OK  [0m] Started Monitoring of LVM2 mirrors,...ng dmeventd or progress polling.
[[0;32m  OK  [0m] Listening on Load/Save RF Kill Switch Status /dev/rfkill Watch.
[   34.097141] cloud-init[439]: Cloud-init v. 18.2 running 'init-local' at Thu, 03 May 2018 20:28:10 +0000. Up 33.93 seconds.
[[0;32m  OK  [0m] Reached target Local File Systems (Pre).
[[0;32m  OK  [0m] Reached target Local File Systems.
         Starting Set console font and keymap...
         Starting Commit a transient machine-id on disk...
         Starting Tell Plymouth To Write Out Runtime Data...
         Starting Create Volatile Files and Directories...
         Starting LSB: AppArmor initialization...
[[0;32m  OK  [0m] Started Commit a transient machine-id on disk.
[[0;32m  OK  [0m] Started Tell Plymouth To Write Out Runtime Data.
[[0;1;31mFAILED[0m] Failed to start Set console font and keymap.
See 'systemctl status console-setup.service' for details.
[[0;32m  OK  [0m] Started Create Volatile Files and Directories.
[[0;32m  OK  [0m] Started Initial cloud-init job (pre-networking).
[[0;32m  OK  [0m] Reached target Network (Pre).
         Starting Update UTMP about System Boot/Shutdown...
[[0;32m  OK  [0m] Created slice system-getty.slice.
[[0;32m  OK  [0m] Started Update UTMP about System Boot/Shutdown.
[[0;32m  OK  [0m] Started LSB: AppArmor initialization.
         Starting Raise network interfaces...
[[0;32m  OK  [0m] Started Raise network interfaces.
[[0;32m  OK  [0m] Reached target Network.
         Starting Initial cloud-init job (metadata service crawler)...
[   35.698830] cloud-init[881]: Cloud-init v. 18.2 running 'init' at Thu, 03 May 2018 20:28:11 +0000. Up 35.23 seconds.
[   35.725778] [cloud-init[0;32m  OK  [0m[881]: ] ci-info: +++++++++++++++++++++++++++++++++++++Net device info++++++++++++++++++++++++++++++++++++++Started Initial cloud-init job (metadata service crawler).

[   35.725984] cloud-init[881]: ci-info: +--------+------+----------------------------+---------------+-------+-------------------+
[   35.744120] [cloud-init[0;32m  OK  [0m[881]: ] ci-info: | Device |  Up  |          Address           |      Mask     | Scope |     Hw-Address    |Reached target System Initialization.

[[0;32m  OK  [0m] Started Daily apt download activities.
[[0;32m  OK  [0m] Started Daily apt upgrade and clean activities.
[   35.744366] cloud-init[881]: ci-info: +--------+------+----------------------------+---------------+-------+-------------------+
[   35.749435]          cloud-initStarting Socket activation for snappy daemon.[881]: 
ci-info: | enp0s3 | True |         10.0.2.15          | 255.255.255.0 |   .   | 02:72:dd:bf:56:1e |
[   35.764183] [cloud-init[0;32m  OK  [0m[881]: ] ci-info: | enp0s3 | True | fe80::72:ddff:febf:561e/64 |       .       |  link | 02:72:dd:bf:56:1e |Listening on UUID daemon activation socket.

[[0;32m  OK  [0m] Listening on ACPID Listen Socket.
[   35.764409] cloud-init[881]: ci-info: |   lo   | True |         127.0.0.1          |   255.0.0.0   |   .   |         .         |
[   35.824220]          cloud-initStarting LXD - unix socket.[881]: 
ci-info: |   lo   | True |          ::1/128           |       .       |  host |         .         |
[   35.876348] [cloud-init[0;32m  OK  [0m[881]: ] ci-info: +--------+------+----------------------------+---------------+-------+-------------------+Started Daily Cleanup of Temporary Directories.

[[0;32m  OK  [0m] Reached target Timers.
[[0;32m  OK  [0m] Listening on D-Bus System Message Bus Socket.
[   35.876573] cloud-init[881]: ci-info: +++++++++++++++++++++++++++Route IPv4 info++++++++++++++++++++++++++++
[   35.945863] [[0;32m  OK  [0m] Started ACPI Events Check.
[[0;32m  OK  [0m] Reached target Paths.
[[0;32m  OK  [0m] Reached target Cloud-config availability.
[[0;32m  OK  [0m] Reached target Network is Online.
cloud-init[881]: ci-info: +-------+-------------+----------+---------------+-----------+-------+
[   35.950315] cloud-init[881]: ci-info: | Route | Destination | Gateway  |    Genmask    | Interface | Flags |
[   35.952192] cloud-init[881]: ci-info: +-------+-------------+----------+---------------+-----------+-------+
[   35.954002] cloud-init[881]: ci-info: |   0   |   0.0.0.0   | 10.0.2.2 |    0.0.0.0    |   enp0s3  |   UG  |
[   35.956783] cloud-init[881]: ci-info: |   1   |   10.0.2.0  | 0.0.0.0  | 255.255.255.0 |   enp0s3  |   U   |
[   35.958618] cloud-init[881]: ci-info: +-------+-------------+----------+---------------+-----------+-------+
         Starting iSCSI initiator daemon (iscsid)...
[   35.965357] cloud-init[881]: [[0;32m  OK  [0m] Listening on Socket activation for snappy daemon.
[[0;32m  OK  [0m] Listening on LXD - unix socket.
Generating public/private rsa key pair.
[[0;32m  OK  [0m] Reached target Sockets.
[[0;32m  OK  [0m] Reached target Basic System.
         Starting /etc/rc.local Compatibility...
[   35.969581] cloud-init[881]: Your identification has been saved in /etc/ssh/ssh_host_rsa_key.
[   35.972892] cloud-init[881]: Your public key has been saved in /etc/ssh/ssh_host_rsa_key.pub.
[   35.972940] cloud-init[881]: The key fingerprint is:
[   35.972983] cloud-init[881]: SHA256:dW4GEhdfPOOk5s2DospyUKNLHwfBUycqmorsKYdLGLE root@ubuntu-xenial
[   35.973043] cloud-init[881]: The key's randomart image is:
[   35.973083] cloud-init[881]: +---[RSA 2048]----+
[   35.973122] cloud-init[881]: |     . .+ +. ..  |
[   35.973160] cloud-init[881]: |      +. = . .=  |
[   35.973198] cloud-init[881]: |.   . .o. o o+ o |
[   35.973237] cloud-init[881]: | o o .+  o +o .  |
         Starting Login Service...
[   35.973278] cloud-init[881]: |E o  o oS  o++   |
[   36.004194] cloud-init[881]: |+o  + . . .oo +  |
[   36.052232]          cloud-initStarting Virtualbox guest utils...[881]: 
|++ . + o . .   . |
[   36.056293] cloud-init[881]: |= o o.o .        |
[   36.064329] [cloud-init[0;32m  OK  [0m[881]: ] |o=   oo.         |Started D-Bus System Message Bus.

[   36.064691] cloud-init[881]: +----[SHA256]-----+
[   36.076179] cloud-init[881]: Generating public/private dsa key pair.
[   36.100417] [[0;32m  OK  [0m] Started Deferred execution scheduler.
cloud-init[881]: Your identification has been saved in /etc/ssh/ssh_host_dsa_key.
[[0;32m  OK  [0m] Started ACPI event daemon.
[   36.116216] cloud-init[881]: Your public key has been saved in /etc/ssh/ssh_host_dsa_key.pub.
[   36.165213] cloud-init[881]: The key fingerprint is:
[   36.168256] [cloud-init[0;32m  OK  [0m[881]: ] SHA256:bxolFdSAIGCL9YjqnGdzVzvSlybWYCHxZY/FM36Db2I root@ubuntu-xenialStarted Regular background program processing daemon.

[   36.188307] [cloud-init[0;32m  OK  [0m[881]: ] The key's randomart image is:Started FUSE filesystem for LXC.

[   36.188551] cloud-init[881]: +---[DSA 1024]----+
[   36.226724]          cloud-initStarting Pollinate to seed the pseudo random number generator...[881]: 
|  +.. .o o+=..   |
[   36.273439]          cloud-initStarting LXD - container startup/shutdown...[881]: 
| = + .  + o.=+   |
[   36.285038] [cloud-init[0;32m  OK  [0m[881]: ] |o o .  . o....+  |Started Unattended Upgrades Shutdown.

[   36.285294] cloud-init[881]: |.       ...  o o |
[   36.307482] cloud-init[881]: |.       S+.   o .|
[   36.309231] cloud-init[881]: |o .     +++ .E o |
[   36.317289]          cloud-initStarting Accounts Service...[881]: 
| + + . o.*o=. o  |
[   36.334787]          cloud-initStarting LSB: Record successful boot for GRUB...[881]: 
|  o o . o+=      |
[   36.339032]          cloud-initStarting System Logging Service...[881]: 
|        .        |
[   36.348677]          cloud-initStarting LSB: MD monitoring daemon...[881]: 
+----[SHA256]-----+
[   36.449036]          cloud-initStarting Apply the settings specified in cloud-config...[881]: 
Generating public/private ecdsa key pair.
[   36.485892]          cloud-initStarting Snappy daemon...[881]: 
Your identification has been saved in /etc/ssh/ssh_host_ecdsa_key.
[   36.577138] [cloud-init[0;32m  OK  [0m[881]: ] Your public key has been saved in /etc/ssh/ssh_host_ecdsa_key.pub.Started System Logging Service.

[   36.577368] [cloud-init[0;32m  OK  [0m[881]: ] The key fingerprint is:Started Snappy daemon.

[   36.605582] cloud-init[881]: SHA256:/foNZX129j4k4pGbPWlpW7irw0hrs2mvxIJNyXY8kPc root@ubuntu-xenial
[   36.633474] [cloud-init[0;32m  OK  [0m[881]: ] The key's randomart image is:Started /etc/rc.local Compatibility.

[   36.635324] [[0;32m  OK  [0m] Started LXD - container startup/shutdown.
[[0;32m  OK  [0m] Started iSCSI initiator daemon (iscsid).
cloud-init[881]: +---[ECDSA 256]---+
[   36.637026] cloud-init[881]: |                 |
[   36.644050] cloud-init[881]: |        .        |
[   36.672873] cloud-init[881]: |       o .       |
[   36.676324] cloud-init[881]: |      . =..    . |
[   36.678805] cloud-init[881]: |       =S+.E. o *|
[   36.697745] [cloud-init[0;32m  OK  [0m[881]: ] |      = o..= +.++|Started Login Service.

[   36.698003] [[0;32m  OK  [0m] Started Virtualbox guest utils.
cloud-init[881]: [[0;32m  OK  [0m] Started LSB: Record successful boot for GRUB.
[[0;32m  OK  [0m] Started LSB: MD monitoring daemon.
|     . o.o= O.=..|
[   36.752220] cloud-init[881]: |        o*.B Xoo |
[   36.787660]          Starting Authenticate and Authorize Users to Run Privileged Tasks...
cloud-init[881]: |        o+*+*+= o|
[   36.889118]          Starting Login to default iSCSI targets...
cloud-init[881]: +----[SHA256]-----+
[   36.890140] cloud-init[881]: Generating public/private ed25519 key pair.
[   36.890961] cloud-init[881]: Your identification has been saved in /etc/ssh/ssh_host_ed25519_key.
[   36.914096] [cloud-init[0;32m  OK  [0m[881]: ] Your public key has been saved in /etc/ssh/ssh_host_ed25519_key.pub.Started Authenticate and Authorize Users to Run Privileged Tasks.

[   36.914345] cloud-init[881]: The key fingerprint is:
[   36.932277] [cloud-init[0;32m  OK  [0m[881]: ] SHA256:Oi+pY75POPwRFqY97sG0nvGhruKgBsJhJ3TKh0evRb4 root@ubuntu-xenialStarted Accounts Service.

[   36.932520] cloud-init[881]: The key's randomart image is:
[   36.947898] cloud-init[881]: +--[ED25519 256]--+
[   36.968167] [cloud-init[0;32m  OK  [0m[881]: ] |                 |Started Login to default iSCSI targets.

[   36.968455] cloud-init[881]: | . o .           |
[[0;32m  OK  [0m] Reached target Remote File Systems (Pre).
[[0;32m  OK  [0m] Reached target Remote File Systems.
[   36.984416] cloud-init[881]: |o = + o          |
[   36.986094] cloud-init[881]: | B + B .         |
[   36.988462] cloud-init[881]: |o * + B S        |
[   36.989378] cloud-init[881]: |o. o E =         |
[   36.997134] cloud-init[881]: |+   + @..        |
[   37.029654]          cloud-initStarting LSB: Set the CPU Frequency Scaling governor to "ondemand"...[881]: 
|.o. o*oX .       |
         Starting LSB: automatic crash report generation...
[   37.128407] cloud-init[881]: |o..+=BO.o        |
[   37.137145] cloud-init[881]: +----[SHA256]-----+
         Starting Permit User Sessions...
[   37.155945] cloud-init[1057]: Generating locales (this might take a while)...
         Starting LSB: daemon to balance interrupts for SMP systems...
[[0;32m  OK  [0m] Started Pollinate to seed the pseudo random number generator.
[[0;32m  OK  [0m] Started Permit User Sessions.
[   37.206670] cloud-init[1057]:   en_US.UTF-8... done
[   37.238393] cloud-init[1057]: Generation complete.
[[0;32m  OK  [0m] Started LSB: Set the CPU Frequency Scaling governor to "ondemand".
[[0;32m  OK  [0m] Started LSB: automatic crash report generation.
         Starting Terminate Plymouth Boot Screen...
         Starting Hold until boot process finishes up...
         Starting OpenBSD Secure Shell server...
[[0;32m  OK  [0m] Started OpenBSD Secure Shell server.
[[0;32m  OK  [0m] Started LSB: daemon to balance interrupts for SMP systems.
[[0;32m  OK  [0m] Started Apply the settings specified in cloud-config.
[[0;32m  OK  [0m] Started Terminate Plymouth Boot Screen.
[[0;32m  OK  [0m] Started Hold until boot process finishes up.
[   37.335814] cloud-init[1057]: Cloud-init v. 18.2 running 'modules:config' at Thu, 03 May 2018 20:28:12 +0000. Up 36.52 seconds.
[[0;32m  OK  [0m] Started Serial Getty on ttyS0.
[[0;32m  OK  [0m] Started Getty on tty1.
[[0;32m  OK  [0m] Reached target Login Prompts.
         Starting Set console scheme...
[[0;32m  OK  [0m] Reached target Multi-User System.
         Starting Execute cloud user/final scripts...
[[0;32m  OK  [0m] Reached target Graphical Interface.
         Starting Update UTMP about System Runlevel Changes...
[[0;32m  OK  [0m] Started Set console scheme.
[[0;32m  OK  [0m] Started Update UTMP about System Runlevel Changes.
ci-info: no authorized ssh keys fingerprints found for user ubuntu.
<14>May  3 20:28:13 ec2: 
<14>May  3 20:28:13 ecc: #############################################################
<14>May  3 20:28:13 ec2: -----BEGIN SSH HOST KEY FINGERPRINTS-----
<14>May  3 20:28:13 ec2: 1024 SHA256:bxolFdSAIGCL9YjqnGdzVzvSlybWYCHxZY/FM36Db2I root@ubuntu-xenial (DSA)
<14>May  3 20:28:13 ec2: 256 SHA256:/foNZX129j4k4pGbPWlpW7irw0hrs2mvxIJNyXY8kPc root@ubuntu-xenial (ECDSA)
<14>May  3 20:28:13 ec2: 256 SHA256:Oi+pY75POPwRFqY97sG0nvGhruKgBsJhJ3TKh0evRb4 root@ubuntu-xenial (ED25519)
<14>May  3 20:28:13 ec2: 2048 SHA256:dW4GEhdfPOOk5s2DospyUKNLHwfBUycqmorsKYdLGLE root@ubuntu-xenial (RSA)
<14>May  3 20:28:13 ec2: -----END SSH HOST KEY FINGERPRINTS-----
<14>May  3 20:28:13 ec2: #############################################################
-----BEGIN SSH HOST KEY KEYS-----
ecdsa-sha2-nistp256 AAAAE2VjZHNhLXNoYTItbmlzdHAyNTYAAAAIbmlzdHAyNTYAAABBBBFNVbvZ661ytoP0Rg55phkTSSZk62OsJSrlrSgvfo/gjGSsXOwrJsGhLL0r+o8yIRRLXL+ELGTw8+uU7h45rRk= root@ubuntu-xenial
ssh-ed25519 AAAAC3NzaC1lZDI1NTE5AAAAIE8zmtuBNwRMngWzsVDY2oHl5QhgLlQLCMMhSReHlvAL root@ubuntu-xenial
ssh-rsa AAAAB3NzaC1yc2EAAAADAQABAAABAQD109axhI9aOl9YXZK2+vCrQvZKxFz5wMlsx+kZRpwaEyMTyJWl9yaCUbQnAYMh4z1PqEclf3K+RTYr4uGeWSDi56GO7O4Dewwr5VNdt6wd2RY0UikjFhMrjoitKffmjGTpamvZ+aGBgWG2YyzFFZv/DYeCnYYPPhw06IX0O7taz4iLelG+VHf9cKAKJ/wx/TnFpxiyB053tlx9YhWRMJAr3aAHfmrVXpVOg2py4oVG4f0Id4dWRWupmVbpL/NpbH8VrBWkuMSTQ76OwAmTDD04WUnkji/5pCqn5KsQnfXY//IaSU11n0OlgYLNPBoXMCn+8zka8ujY1b/l6DAfeKxR root@ubuntu-xenial
-----END SSH HOST KEY KEYS-----
[   38.135083] cloud-init[1224]: Cloud-init v. 18.2 running 'modules:final' at Thu, 03 May 2018 20:28:13 +0000. Up 37.69 seconds.
[   38.144357] cloud-init[1224]: ci-info: no authorized ssh keys fingerprints found for user ubuntu.
[   38.157075] cloud-init[1224]: Cloud-init v. 18.2 finished at Thu, 03 May 2018 20:28:14 +0000. Datasource DataSourceNoCloud [seed=/dev/sdb][dsmode=net].  Up 38.12 seconds
[[0;32m  OK  [0m] Started Execute cloud user/final scripts.
[[0;32m  OK  [0m] Reached target Cloud-init target.

Ubuntu 16.04.4 LTS ubuntu-xenial ttyS0

ubuntu-xenial login: 